C51 COMPILER V9.53.0.0   CHA13_1B                                                          02/28/2017 09:40:12 PAGE 1   


C51 COMPILER V9.53.0.0, COMPILATION OF MODULE CHA13_1B
OBJECT MODULE PLACED IN cha13-1B.obj
COMPILER INVOKED BY: C:\Keil_v5\C51\BIN\C51.EXE C51\cha13-1B.C OPTIMIZE(8,SPEED) BROWSE DEBUG OBJECTEXTEND PRINT(.\cha13
                    --1B.lst) TABS(2) OBJECT(cha13-1B.obj)

line level    source

   1          /*实验一，数据传送程序，文件名：CHA13-1.c*/
   2          #include<reg52.h>
   3          #include<intrins.h>
   4          #include <absacc.h>
   5          #define uint unsigned int
   6          #define uchar unsigned char 
   7          uchar idata dADDR[16] _at_ 0x30;
   8          uchar xdata xADDR[16] _at_ 0x3000;
   9          uchar  xdata   *waddr;
  10          uchar  data    count;
  11          uchar i,n;
  12          /************片内数据区初始化***************/
  13          void Init(uchar lenth)
  14          {
  15   1              uchar i;
  16   1              for(i=0;i<lenth;i++)
  17   1              {
  18   2                      dADDR[i]=i+1;
  19   2              }
  20   1      }
  21          /******方法二：使用C51运行库中预定义宏进行片内数据传到片外********/
  22          void    dxmov(uchar s_addr, uint d_addr,uchar lenth)
  23          {
  24   1        uchar i;
  25   1          for(i=0;i<lenth;i++)
  26   1              {   
  27   2            XBYTE[d_addr+i]=DBYTE[s_addr+i];
  28   2              }
  29   1      } 
  30          /************主函数****************/
  31          void main()
  32          {
  33   1             uint i; 
  34   1           Init(16);
  35   1           dxmov(0x30,0x3000,16);
  36   1           while(1) 
  37   1           {     
  38   2             for(i=1;i<17;i++)
  39   2           {P1= xADDR[i]; } 
  40   2           }
  41   1      }


MODULE INFORMATION:   STATIC OVERLAYABLE
   CODE SIZE        =    102    ----
   CONSTANT SIZE    =   ----    ----
   XDATA SIZE       =   ----    ----
   PDATA SIZE       =   ----    ----
   DATA SIZE        =      5       2
   IDATA SIZE       =   ----    ----
   BIT SIZE         =   ----    ----
END OF MODULE INFORMATION.


C51 COMPILATION COMPLETE.  0 WARNING(S),  0 ERROR(S)
